// Jest Snapshot v1, https://goo.gl/fbAQLP

exports[`lazy load 1`] = `<div class="van-image"><img class="van-image__img"></div>`;
